\BOOKMARK [1][-]{section.1}{\376\377\000I\000n\000t\000r\000o\000d\000u\000\347\000\343\000o}{}% 1
\BOOKMARK [2][-]{subsection.1.1}{\376\377\000C\000o\000n\000t\000e\000x\000t\000u\000a\000l\000i\000z\000a\000\347\000\343\000o}{section.1}% 2
\BOOKMARK [2][-]{subsection.1.2}{\376\377\000P\000r\000o\000b\000l\000e\000m\000\341\000t\000i\000c\000a}{section.1}% 3
\BOOKMARK [2][-]{subsection.1.3}{\376\377\000O\000b\000j\000e\000t\000i\000v\000o\000s}{section.1}% 4
\BOOKMARK [3][-]{subsubsection.1.3.1}{\376\377\000O\000b\000j\000e\000t\000i\000v\000o\000\040\000G\000e\000r\000a\000l}{subsection.1.3}% 5
\BOOKMARK [3][-]{subsubsection.1.3.2}{\376\377\000O\000b\000j\000e\000t\000i\000v\000o\000s\000\040\000E\000s\000p\000e\000c\000\355\000f\000i\000c\000o\000s}{subsection.1.3}% 6
\BOOKMARK [2][-]{subsection.1.4}{\376\377\000J\000u\000s\000t\000i\000f\000i\000c\000a\000t\000i\000v\000a}{section.1}% 7
\BOOKMARK [2][-]{subsection.1.5}{\376\377\000E\000s\000t\000r\000u\000t\000u\000r\000a\000\040\000d\000o\000\040\000T\000r\000a\000b\000a\000l\000h\000o}{section.1}% 8
\BOOKMARK [1][-]{section.2}{\376\377\000R\000e\000f\000e\000r\000e\000n\000c\000i\000a\000l\000\040\000T\000e\000\363\000r\000i\000c\000o}{}% 9
\BOOKMARK [2][-]{subsection.2.1}{\376\377\000T\000e\000s\000t\000e\000s\000\040\000d\000e\000\040\000P\000e\000r\000f\000o\000r\000m\000a\000n\000c\000e\000\040\000e\000\040\000C\000a\000r\000g\000a}{section.2}% 10
\BOOKMARK [2][-]{subsection.2.2}{\376\377\000C\000o\000n\000c\000e\000i\000t\000o\000s\000\040\000d\000e\000\040\000E\000s\000c\000a\000l\000a\000b\000i\000l\000i\000d\000a\000d\000e\000,\000\040\000L\000a\000t\000\352\000n\000c\000i\000a\000\040\000e\000\040\000T\000h\000r\000o\000u\000g\000h\000p\000u\000t}{section.2}% 11
\BOOKMARK [2][-]{subsection.2.3}{\376\377\000F\000e\000r\000r\000a\000m\000e\000n\000t\000a\000s\000\040\000E\000x\000i\000s\000t\000e\000n\000t\000e\000s\000\040\000p\000a\000r\000a\000\040\000T\000e\000s\000t\000e\000\040\000d\000e\000\040\000C\000a\000r\000g\000a}{section.2}% 12
\BOOKMARK [3][-]{subsubsection.2.3.1}{\376\377\000J\000M\000e\000t\000e\000r}{subsection.2.3}% 13
\BOOKMARK [3][-]{subsubsection.2.3.2}{\376\377\000k\0006}{subsection.2.3}% 14
\BOOKMARK [3][-]{subsubsection.2.3.3}{\376\377\000G\000a\000t\000l\000i\000n\000g}{subsection.2.3}% 15
\BOOKMARK [3][-]{subsubsection.2.3.4}{\376\377\000O\000u\000t\000r\000a\000s\000\040\000f\000e\000r\000r\000a\000m\000e\000n\000t\000a\000s}{subsection.2.3}% 16
\BOOKMARK [2][-]{subsection.2.4}{\376\377\000T\000e\000c\000n\000o\000l\000o\000g\000i\000a\000s\000\040\000U\000t\000i\000l\000i\000z\000a\000d\000a\000s}{section.2}% 17
\BOOKMARK [3][-]{subsubsection.2.4.1}{\376\377\000N\000o\000d\000e\000.\000j\000s\000\040\000/\000\040\000N\000e\000s\000t\000J\000S}{subsection.2.4}% 18
\BOOKMARK [3][-]{subsubsection.2.4.2}{\376\377\000R\000e\000a\000c\000t\000\040\000\050\000s\000e\000\040\000h\000o\000u\000v\000e\000r\000\040\000f\000r\000o\000n\000t\000e\000n\000d\000\051}{subsection.2.4}% 19
\BOOKMARK [3][-]{subsubsection.2.4.3}{\376\377\000B\000a\000n\000c\000o\000\040\000d\000e\000\040\000D\000a\000d\000o\000s\000\040\000\050\000P\000o\000s\000t\000g\000r\000e\000S\000Q\000L\000,\000\040\000M\000o\000n\000g\000o\000D\000B\000,\000\040\000e\000t\000c\000.\000\051}{subsection.2.4}% 20
\BOOKMARK [3][-]{subsubsection.2.4.4}{\376\377\000O\000u\000t\000r\000a\000s\000\040\000f\000e\000r\000r\000a\000m\000e\000n\000t\000a\000s\000\040\000e\000\040\000b\000i\000b\000l\000i\000o\000t\000e\000c\000a\000s}{subsection.2.4}% 21
\BOOKMARK [1][-]{section.3}{\376\377\000M\000e\000t\000o\000d\000o\000l\000o\000g\000i\000a}{}% 22
\BOOKMARK [2][-]{subsection.3.1}{\376\377\000T\000i\000p\000o\000\040\000d\000e\000\040\000P\000e\000s\000q\000u\000i\000s\000a}{section.3}% 23
\BOOKMARK [2][-]{subsection.3.2}{\376\377\000P\000r\000o\000c\000e\000d\000i\000m\000e\000n\000t\000o\000s\000\040\000M\000e\000t\000o\000d\000o\000l\000\363\000g\000i\000c\000o\000s}{section.3}% 24
\BOOKMARK [2][-]{subsection.3.3}{\376\377\000P\000r\000o\000c\000e\000s\000s\000o\000s\000\040\000d\000e\000\040\000D\000e\000s\000e\000n\000v\000o\000l\000v\000i\000m\000e\000n\000t\000o}{section.3}% 25
\BOOKMARK [3][-]{subsubsection.3.3.1}{\376\377\000L\000e\000v\000a\000n\000t\000a\000m\000e\000n\000t\000o\000\040\000d\000e\000\040\000R\000e\000q\000u\000i\000s\000i\000t\000o\000s}{subsection.3.3}% 26
\BOOKMARK [3][-]{subsubsection.3.3.2}{\376\377\000D\000e\000s\000e\000n\000v\000o\000l\000v\000i\000m\000e\000n\000t\000o\000\040\000I\000n\000c\000r\000e\000m\000e\000n\000t\000a\000l\000\040\000o\000u\000\040\000M\000e\000t\000o\000d\000o\000l\000o\000g\000i\000a\000\040\000\301\000g\000i\000l}{subsection.3.3}% 27
\BOOKMARK [2][-]{subsection.3.4}{\376\377\000F\000e\000r\000r\000a\000m\000e\000n\000t\000a\000s\000\040\000e\000\040\000A\000m\000b\000i\000e\000n\000t\000e\000s\000\040\000U\000t\000i\000l\000i\000z\000a\000d\000o\000s}{section.3}% 28
\BOOKMARK [1][-]{section.4}{\376\377\000M\000o\000d\000e\000l\000a\000g\000e\000m\000\040\000d\000o\000\040\000S\000i\000s\000t\000e\000m\000a}{}% 29
\BOOKMARK [2][-]{subsection.4.1}{\376\377\000R\000e\000q\000u\000i\000s\000i\000t\000o\000s\000\040\000F\000u\000n\000c\000i\000o\000n\000a\000i\000s\000\040\000e\000\040\000N\000\343\000o\000\040\000F\000u\000n\000c\000i\000o\000n\000a\000i\000s}{section.4}% 30
\BOOKMARK [2][-]{subsection.4.2}{\376\377\000D\000i\000a\000g\000r\000a\000m\000a\000\040\000d\000e\000\040\000C\000a\000s\000o\000s\000\040\000d\000e\000\040\000U\000s\000o}{section.4}% 31
\BOOKMARK [2][-]{subsection.4.3}{\376\377\000D\000i\000a\000g\000r\000a\000m\000a\000\040\000d\000e\000\040\000C\000l\000a\000s\000s\000e\000s}{section.4}% 32
\BOOKMARK [2][-]{subsection.4.4}{\376\377\000D\000i\000a\000g\000r\000a\000m\000a\000\040\000d\000e\000\040\000S\000e\000q\000u\000\352\000n\000c\000i\000a}{section.4}% 33
\BOOKMARK [2][-]{subsection.4.5}{\376\377\000D\000i\000a\000g\000r\000a\000m\000a\000\040\000d\000e\000\040\000C\000o\000m\000p\000o\000n\000e\000n\000t\000e\000s}{section.4}% 34
\BOOKMARK [2][-]{subsection.4.6}{\376\377\000D\000i\000a\000g\000r\000a\000m\000a\000\040\000d\000e\000\040\000I\000m\000p\000l\000a\000n\000t\000a\000\347\000\343\000o\000\040\000\050\000o\000p\000c\000i\000o\000n\000a\000l\000\051}{section.4}% 35
\BOOKMARK [1][-]{section.5}{\376\377\000D\000e\000s\000e\000n\000v\000o\000l\000v\000i\000m\000e\000n\000t\000o\000\040\000d\000a\000\040\000S\000o\000l\000u\000\347\000\343\000o}{}% 36
\BOOKMARK [2][-]{subsection.5.1}{\376\377\000A\000r\000q\000u\000i\000t\000e\000t\000u\000r\000a\000\040\000d\000a\000\040\000A\000p\000l\000i\000c\000a\000\347\000\343\000o}{section.5}% 37
\BOOKMARK [2][-]{subsection.5.2}{\376\377\000B\000a\000c\000k\000e\000n\000d\000\040\040\023\000\040\000A\000P\000I\000\040\000e\000\040\000E\000x\000e\000c\000u\000t\000o\000r\000\040\000d\000e\000\040\000T\000e\000s\000t\000e\000s}{section.5}% 38
\BOOKMARK [2][-]{subsection.5.3}{\376\377\000F\000r\000o\000n\000t\000e\000n\000d\000\040\000\050\000s\000e\000\040\000h\000o\000u\000v\000e\000r\000\051}{section.5}% 39
\BOOKMARK [2][-]{subsection.5.4}{\376\377\000B\000a\000n\000c\000o\000\040\000d\000e\000\040\000D\000a\000d\000o\000s}{section.5}% 40
\BOOKMARK [2][-]{subsection.5.5}{\376\377\000F\000u\000n\000c\000i\000o\000n\000a\000l\000i\000d\000a\000d\000e\000s\000\040\000I\000m\000p\000l\000e\000m\000e\000n\000t\000a\000d\000a\000s}{section.5}% 41
\BOOKMARK [3][-]{subsubsection.5.5.1}{\376\377\000C\000r\000i\000a\000\347\000\343\000o\000\040\000d\000e\000\040\000C\000e\000n\000\341\000r\000i\000o\000s\000\040\000d\000e\000\040\000T\000e\000s\000t\000e}{subsection.5.5}% 42
\BOOKMARK [3][-]{subsubsection.5.5.2}{\376\377\000E\000x\000e\000c\000u\000\347\000\343\000o\000\040\000d\000o\000s\000\040\000T\000e\000s\000t\000e\000s\000\040\000d\000e\000\040\000C\000a\000r\000g\000a}{subsection.5.5}% 43
\BOOKMARK [3][-]{subsubsection.5.5.3}{\376\377\000G\000e\000r\000a\000\347\000\343\000o\000\040\000d\000e\000\040\000R\000e\000l\000a\000t\000\363\000r\000i\000o\000s\000\040\000e\000\040\000M\000\351\000t\000r\000i\000c\000a\000s}{subsection.5.5}% 44
\BOOKMARK [2][-]{subsection.5.6}{\376\377\000D\000e\000s\000a\000f\000i\000o\000s\000\040\000e\000\040\000S\000o\000l\000u\000\347\000\365\000e\000s\000\040\000E\000n\000c\000o\000n\000t\000r\000a\000d\000a\000s}{section.5}% 45
\BOOKMARK [1][-]{section.6}{\376\377\000R\000e\000s\000u\000l\000t\000a\000d\000o\000s\000\040\000e\000\040\000D\000i\000s\000c\000u\000s\000s\000\365\000e\000s}{}% 46
\BOOKMARK [2][-]{subsection.6.1}{\376\377\000E\000x\000e\000c\000u\000\347\000\343\000o\000\040\000d\000o\000s\000\040\000T\000e\000s\000t\000e\000s\000\040\000c\000o\000m\000\040\000a\000\040\000F\000e\000r\000r\000a\000m\000e\000n\000t\000a\000\040\000D\000e\000s\000e\000n\000v\000o\000l\000v\000i\000d\000a}{section.6}% 47
\BOOKMARK [2][-]{subsection.6.2}{\376\377\000A\000n\000\341\000l\000i\000s\000e\000\040\000d\000o\000s\000\040\000R\000e\000s\000u\000l\000t\000a\000d\000o\000s}{section.6}% 48
\BOOKMARK [2][-]{subsection.6.3}{\376\377\000C\000o\000m\000p\000a\000r\000a\000\347\000\343\000o\000\040\000c\000o\000m\000\040\000F\000e\000r\000r\000a\000m\000e\000n\000t\000a\000s\000\040\000E\000x\000i\000s\000t\000e\000n\000t\000e\000s\000\040\000\050\000o\000p\000c\000i\000o\000n\000a\000l\000\051}{section.6}% 49
\BOOKMARK [2][-]{subsection.6.4}{\376\377\000L\000i\000m\000i\000t\000a\000\347\000\365\000e\000s\000\040\000d\000a\000\040\000S\000o\000l\000u\000\347\000\343\000o}{section.6}% 50
\BOOKMARK [1][-]{section.7}{\376\377\000C\000o\000n\000c\000l\000u\000s\000\343\000o}{}% 51
\BOOKMARK [2][-]{subsection.7.1}{\376\377\000C\000o\000n\000s\000i\000d\000e\000r\000a\000\347\000\365\000e\000s\000\040\000F\000i\000n\000a\000i\000s}{section.7}% 52
\BOOKMARK [2][-]{subsection.7.2}{\376\377\000C\000o\000n\000t\000r\000i\000b\000u\000i\000\347\000\365\000e\000s\000\040\000d\000o\000\040\000T\000r\000a\000b\000a\000l\000h\000o}{section.7}% 53
\BOOKMARK [2][-]{subsection.7.3}{\376\377\000T\000r\000a\000b\000a\000l\000h\000o\000s\000\040\000F\000u\000t\000u\000r\000o\000s}{section.7}% 54
\BOOKMARK [1][-]{section.8}{\376\377\000R\000e\000f\000e\000r\000\352\000n\000c\000i\000a\000s}{}% 55
\BOOKMARK [1][-]{section.9}{\376\377\000A\000p\000\352\000n\000d\000i\000c\000e\000s\000\040\000e\000\040\000A\000n\000e\000x\000o\000s}{}% 56
